============================= test session starts =============================
platform win32 -- Python 3.14.0, pytest-9.0.2, pluggy-1.6.0
rootdir: D:\Dev\Projects\Shard\Shard
plugins: anyio-4.12.0, Flask-Dance-7.0.0, asyncio-1.3.0
asyncio: mode=Mode.STRICT, debug=False, asyncio_default_fixture_loop_scope=None, asyncio_default_test_loop_scope=function
collected 5 items / 4 deselected / 1 selected

tests\oracle_api_security_test.py DEBUG: initializing MockBitNetRuntime. SHARD_TESTING=1
DEBUG: initializing MockBitNetRuntime. SHARD_TESTING=1
DEBUG: chat_completions called. BITNET=<oracle_api.MockBitNetRuntime object at 0x000001D1CF730050>
DEBUG: Returning 503 because inference failed: 'MockBitNetRuntime' object has no attribute 'rollback'
F

================================== FAILURES ===================================
_________________ test_chat_requires_api_key_when_configured __________________

monkeypatch = <_pytest.monkeypatch.MonkeyPatch object at 0x000001D1CF6B43E0>

    def test_chat_requires_api_key_when_configured(monkeypatch) -> None:
        client = _load_client(monkeypatch, api_keys="secret-1")
    
        unauthorized = client.post("/v1/chat/completions", json=_payload())
        assert unauthorized.status_code == 401
    
        authorized = client.post(
            "/v1/chat/completions",
            headers={"X-API-Key": "secret-1"},
            json=_payload(),
        )
>       assert authorized.status_code == 200
E       assert 503 == 200
E        +  where 503 = <Response [503 Service Unavailable]>.status_code

tests\oracle_api_security_test.py:50: AssertionError
------------------------------ Captured log call ------------------------------
ERROR    shard.oracle_api:oracle_api.py:777 Non-streaming inference failed
Traceback (most recent call last):
  File "D:\Dev\Projects\Shard\Shard\desktop\python\oracle_api.py", line 767, in chat_completions
    async for tok in cooperative_generate(
    ...<6 lines>...
        tokens.append(tok)
  File "D:\Dev\Projects\Shard\Shard\desktop\python\inference.py", line 154, in cooperative_generate
    local_token = await local_model_generate(generated, prompt, request_id)
                  ^^^^^^^^^^^^^^^^^^^^^^^^^^^^^^^^^^^^^^^^^^^^^^^^^^^^^^^^^
  File "D:\Dev\Projects\Shard\Shard\desktop\python\oracle_api.py", line 547, in _local_generate
    runtime.rollback(999999)
    ^^^^^^^^^^^^^^^^
AttributeError: 'MockBitNetRuntime' object has no attribute 'rollback'
=========================== short test summary info ===========================
FAILED tests/oracle_api_security_test.py::test_chat_requires_api_key_when_configured
======================= 1 failed, 4 deselected in 1.28s =======================
